export const snapshot = {};

snapshot[`ControllerError snap 1`] = `'{"code":400}'`;
